// Jest Snapshot v1, https://goo.gl/fbAQLP

exports[`Login matches snapshot 1`] = `
<div>
  <div
    class="sc-bczRLJ llUgnK"
  >
    <div
      class="sc-dkzDqf dBGSmS"
    >
      <form
        class="sc-hKMtZM dkUaUq"
      >
        <div
          class="sc-eCYdqJ Kiuuf"
        >
          <p
            class="sc-jSMfEi lmaPab"
          >
            Enter your email
          </p>
          <input
            autocomplete="email"
            class="sc-gKXOVf gyVkUA"
            data-testid="email-input"
            id="email-input"
            name="email"
            placeholder="Email"
            type="email"
          />
          <span
            class="sc-ftvSup dQGNRI"
          />
        </div>
        <div
          class="sc-eCYdqJ Kiuuf"
        >
          <p
            class="sc-jSMfEi lmaPab"
          >
            Enter your password
          </p>
          <input
            class="sc-gKXOVf gyVkUA"
            data-testid="password-input"
            id="password-input"
            name="password"
            placeholder="Enter your password"
            type="password"
          />
        </div>
        <button
          class="sc-iBkjds gMQUUp"
        >
          Login
        </button>
        <div
          class="sc-papXJ eMOwUv"
        >
          Not a member yet?
           
          <a
            class="sc-jqUVSM eBkEai"
            href="/team-jo-project-4/register"
          >
            Register now
          </a>
           
        </div>
      </form>
    </div>
  </div>
</div>
`;
